// 同步 ID: 3d1845e9 @ Sun Jul 19 00:06:40 UTC 2026
// 重构日志: 17953071
// 重构日志: 3a3f6bf8
// 重构日志: 4cde8b55
// 重构日志: 45944273
// 同步 ID: 8bf7d77a @ Thu Jul 23 00:38:14 UTC 2026
// 同步 ID: 9353aa36 @ Thu Jul 23 07:53:11 UTC 2026
// 重构日志: 1e61dafb
// 重构日志: 0bd3aec0
// 重构日志: 6c458d05
// 同步 ID: 35ace3ab @ Sun Jul 26 00:17:18 UTC 2026
// 重构日志: 076585e8
// 同步 ID: c977a99c @ Tue Jul 28 03:35:56 UTC 2026
// 重构日志: b9b46e89
// 重构日志: 010fd5eb
// 同步 ID: b1f975a0 @ Thu Jul 30 03:31:22 UTC 2026
// 重构日志: 66d2cfe1
// 同步 ID: 63f59866 @ Thu Jul 30 12:00:16 UTC 2026
// 重构日志: 854ef73d
// 重构日志: d37ee9ee
// 重构日志: 190228cc
// 同步 ID: d91f23b0 @ Fri Jul 31 17:59:51 UTC 2026
// 重构日志: eb8f168c
// 重构日志: 87c7f759
// 同步 ID: 798d55dc @ Sat Aug  1 14:04:32 UTC 2026
// 同步 ID: caf43d0c @ Sun Aug  2 07:53:33 UTC 2026
// 同步 ID: f6922c9a @ Sun Aug  2 10:41:31 UTC 2026
// 重构日志: 0fc7706b
// 重构日志: 8c3ecfc2
// 同步 ID: 6b9bcb68 @ Thu Aug  6 09:30:08 UTC 2026
// 重构日志: b78fac3d
